// Jest Snapshot v1, https://goo.gl/fbAQLP

exports[`Pruebas en componente CounterApp Debe de mostrarse el CounterApp correctamente 1`] = `
<div>
  <h1>
    CounterApp
  </h1>
  <h2>
    10
  </h2>
  <button
    onClick={[Function]}
  >
    Sumar
  </button>
  <button
    onClick={[Function]}
  >
    Restar
  </button>
  <button
    onClick={[Function]}
  >
    Resetear
  </button>
</div>
`;
